// Jest Snapshot v1, https://goo.gl/fbAQLP

exports[`App renders component correctly 1`] = `
Object {
  "asFragment": [Function],
  "baseElement": <body>
    <div>
      <div
        class="container"
      >
        <div
          class="d-flex justify-content-center my-5"
        >
          <div
            class="card col-4"
          >
            <div
              class="card-body"
            >
              <h4
                class="text-center"
              >
                Employee Polls
              </h4>
              <div
                class="text-center"
              >
                <img
                  alt="employee"
                  class="img-fluid"
                  src="employee.jpg"
                />
              </div>
              <form>
                <div
                  class="d-flex justify-content-center"
                >
                  <select
                    class="form-select my-3 w-75"
                    data-testid="select"
                    id="select"
                  >
                    <option
                      data-testid="select-option"
                      disabled=""
                      id="select-option"
                      value=""
                    >
                      Select employee
                    </option>
                  </select>
                </div>
                <div
                  class="d-flex justify-content-center"
                >
                  <button
                    class="btn btn-primary mx-5"
                    data-testid="btnSubmit"
                    id="btnSubmit"
                    type="submit"
                  >
                    Submit
                  </button>
                </div>
              </form>
            </div>
          </div>
        </div>
      </div>
    </div>
  </body>,
  "container": <div>
    <div
      class="container"
    >
      <div
        class="d-flex justify-content-center my-5"
      >
        <div
          class="card col-4"
        >
          <div
            class="card-body"
          >
            <h4
              class="text-center"
            >
              Employee Polls
            </h4>
            <div
              class="text-center"
            >
              <img
                alt="employee"
                class="img-fluid"
                src="employee.jpg"
              />
            </div>
            <form>
              <div
                class="d-flex justify-content-center"
              >
                <select
                  class="form-select my-3 w-75"
                  data-testid="select"
                  id="select"
                >
                  <option
                    data-testid="select-option"
                    disabled=""
                    id="select-option"
                    value=""
                  >
                    Select employee
                  </option>
                </select>
              </div>
              <div
                class="d-flex justify-content-center"
              >
                <button
                  class="btn btn-primary mx-5"
                  data-testid="btnSubmit"
                  id="btnSubmit"
                  type="submit"
                >
                  Submit
                </button>
              </div>
            </form>
          </div>
        </div>
      </div>
    </div>
  </div>,
  "debug": [Function],
  "findAllByAltText": [Function],
  "findAllByDisplayValue": [Function],
  "findAllByLabelText": [Function],
  "findAllByPlaceholderText": [Function],
  "findAllByRole": [Function],
  "findAllByTestId": [Function],
  "findAllByText": [Function],
  "findAllByTitle": [Function],
  "findByAltText": [Function],
  "findByDisplayValue": [Function],
  "findByLabelText": [Function],
  "findByPlaceholderText": [Function],
  "findByRole": [Function],
  "findByTestId": [Function],
  "findByText": [Function],
  "findByTitle": [Function],
  "getAllByAltText": [Function],
  "getAllByDisplayValue": [Function],
  "getAllByLabelText": [Function],
  "getAllByPlaceholderText": [Function],
  "getAllByRole": [Function],
  "getAllByTestId": [Function],
  "getAllByText": [Function],
  "getAllByTitle": [Function],
  "getByAltText": [Function],
  "getByDisplayValue": [Function],
  "getByLabelText": [Function],
  "getByPlaceholderText": [Function],
  "getByRole": [Function],
  "getByTestId": [Function],
  "getByText": [Function],
  "getByTitle": [Function],
  "queryAllByAltText": [Function],
  "queryAllByDisplayValue": [Function],
  "queryAllByLabelText": [Function],
  "queryAllByPlaceholderText": [Function],
  "queryAllByRole": [Function],
  "queryAllByTestId": [Function],
  "queryAllByText": [Function],
  "queryAllByTitle": [Function],
  "queryByAltText": [Function],
  "queryByDisplayValue": [Function],
  "queryByLabelText": [Function],
  "queryByPlaceholderText": [Function],
  "queryByRole": [Function],
  "queryByTestId": [Function],
  "queryByText": [Function],
  "queryByTitle": [Function],
  "rerender": [Function],
  "unmount": [Function],
}
`;
